GCOBOL_17.1
  {
  global:
    __gg__abs;
    __gg__accept;
    __gg__accept_arg_value;
    __gg__accept_envar;
    __gg__acos;
    __gg__allocate;
    __gg__alphabet_create;
    __gg__alphabet_use;
    __gg__annuity;
    __gg__asin;
    __gg__assign_value_from_stack;
    __gg__atan;
    __gg__binary_to_packed;
    __gg__binary_to_string_ascii;
    __gg__binary_to_string_ebcdic;
    __gg__bitop;
    __gg__bitwise_op;
    __gg__byte_length;
    __gg__call_parameter_count;
    __gg__call_parameter_lengths;
    __gg__call_parameter_signature;
    __gg__call_warning_message;
    __gg__char;
    __gg__check_fatal_exception;
    __gg__classify;
    __gg__clear_exception;
    __gg__codeset_figurative_constants;
    __gg__combined_datetime;
    __gg__compare_binary_to_string;
    __gg__compare_field_class;
    __gg__compare_numdisp_alpha;
    __gg__compare_numeric_all;
    __gg__compare_string_1;
    __gg__compare_string_1a;
    __gg__compare_string_1e;
    __gg__compare_string_2;
    __gg__compare_string_2a;
    __gg__compare_string_4;
    __gg__compare_string_4a;
    __gg__compare_string_all;
    __gg_compare_string_different;
    __gg__compute_fixed;
    __gg__compute_float;
    __gg__concat;
    __gg__conditional_stash;
    __gg__conditional_stash_float;
    __gg__convert;
    __gg__cos;
    __gg__currency_sign;
    __gg__currency_sign_init;
    __gg__current_date;
    __gg__data_;
    __gg__data__file_status;
    __gg__data__literally_one;
    __gg__data__literally_zero;
    __gg__data_nulls;
    __gg__date_of_integer;
    __gg__date_to_yyyymmdd;
    __gg__day_of_integer;
    __gg__day_to_yyyyddd;
    __gg__deallocate;
    __gg__decimal_point_is_comma;
    __gg__default_compute_error;
    __gg__dialects;
    __gg__display;
    __gg__display_clean;
    __gg__dividef1_phase2;
    __gg__dividef23;
    __gg__dividef45;
    __gg__dp2bin;
    __gg__e;
    __gg__entry_index;
    __gg__exception_code;
    __gg__exception_file_name;
    __gg__exception_file_status;
    __gg__exception_line_number;
    __gg__exception_paragraph;
    __gg__exception_pop;
    __gg__exception_program_id;
    __gg__exception_push;
    __gg__exception_section;
    __gg__exception_source_file;
    __gg__exception_statement;
    __gg__exit_address;
    __gg__exp;
    __gg__exp10;
    __gg__factorial;
    __gg__file_close;
    __gg__file_delete;
    __gg__file_init;
    __gg__file_open;
    __gg__file_read;
    __gg__file_remove;
    __gg__file_rewrite;
    __gg__file_sort_ff_input;
    __gg__file_sort_ff_output;
    __gg__file_start;
    __gg__file_stash;
    __gg__file_write;
    __gg__find_string;
    __gg__float128_from_int128;
    __gg__float32_from_128;
    __gg__float32_from_64;
    __gg__float32_from_int128;
    __gg__float64_from_128;
    __gg__float64_from_int128;
    __gg__formatted_current_date;
    __gg__formatted_date;
    __gg__formatted_datetime;
    __gg__formatted_time;
    __gg__fprintf_stderr;
    __gg__fracdigits;
    __gg__fraction_part;
    __gg__func_exception_file;
    __gg__func_exception_location;
    __gg__func_exception_statement;
    __gg__func_exception_status;
    __gg__function_handle_from_literal;
    __gg__function_handle_from_name;
    __gg__get_argc;
    __gg__get_argv;
    __gg__get_command_line;
    __gg__get_date_dow;
    __gg__get_date_hhmmssff;
    __gg__get_date_yyddd;
    __gg__get_date_yymmdd;
    __gg__get_date_yyyymmdd;
    __gg__get_env_name;
    __gg__get_env_value;
    __gg__get_file_descriptor;
    __gg__get_module_names;
    __gg__get_yyyyddd;
    __gg__globals_are_initialized;
    __gg__hex_of;
    __gg__highest_algebraic;
    __gg__initialization_values;
    __gg__initialize_variable;
    __gg__initialize_variable_clean;
    __gg__init_program_state;
    __gg__inspect_format_1;
    __gg__inspect_format_1_sbc;
    __gg__inspect_format_2;
    __gg__inspect_format_2_sbc;
    __gg__inspect_format_4;
    __gg__inspect_format_4_sbc;
    __gg__int128_to_ascii_numeric_display;
    __gg__int128_to_field;
    __gg__int128_to_int128_rounded;
    __gg__int128_to_qualified_field;
    __gg__integer;
    __gg__integer_of_date;
    __gg__integer_of_day;
    __gg__integer_of_formatted_date;
    __gg__integer_part;
    __gg__is_canceled;
    __gg__is_float_infinite;
    __gg__length;
    __gg__locale_compare;
    __gg__locale_date;
    __gg__locale_time;
    __gg__locale_time_from_seconds;
    __gg__log;
    __gg__log10;
    __gg__lower_case;
    __gg__lowest_algebraic;
    __gg__main_called;
    __gg__match_exception;
    __gg__max;
    __gg__mean;
    __gg__median;
    __gg__merge_files;
    __gg__midrange;
    __gg__min;
    __gg__mirror_range;
    __gg__mod;
    __gg__module_name;
    __gg__module_name_pop;
    __gg__module_name_push;
    __gg__move;
    __gg__move_literala;
    __gg__move_stash_acquire;
    __gg__move_stash_release;
    __gg__multiplyf1_phase1;
    __gg__multiplyf1_phase2;
    __gg__multiplyf2;
    __gg__nop;
    __gg__numval;
    __gg__numval_c;
    __gg__numval_f;
    __gg__onetime_initialization;
    __gg__ord;
    __gg__ord_max;
    __gg__ord_min;
    __gg__parser_set_conditional;
    __gg__pi;
    __gg__pop_local_variables;
    __gg__pop_program_state;
    __gg__pow;
    __gg__power_of_ten;
    __gg__present_value;
    __gg__process_compute_error;
    __gg__prohibited;
    __gg__propagate_linkage_offsets;
    __gg__pseudo_return_bookmark;
    __gg__pseudo_return_flush;
    __gg__pseudo_return_pop;
    __gg__pseudo_return_push;
    __gg__psz_to_alpha_move;
    __gg__push_local_variable;
    __gg__push_program_state;
    __gg__random;
    __gg__random_next;
    __gg__range;
    __gg__refer_from_psz;
    __gg__refer_from_string;
    __gg__rem;
    __gg__resolve_literal_call_descriptor;
    __gg__reverse;
    __gg__scale_by_power_of_ten_1;
    __gg__scale_by_power_of_ten_2;
    __gg__seconds_from_formatted_time;
    __gg__seconds_past_midnight;
    __gg__set_arg_num;
    __gg__set_envar;
    __gg__set_env_name;
    __gg__set_env_value;
    __gg__set_exception_call;
    __gg__set_exception_code;
    __gg__set_exception_environment;
    __gg__setop_compare;
    __gg__set_pointer;
    __gg__set_program_list;
    __gg__set_program_name;
    __gg__set_user_status;
    __gg__sign;
    __gg__sin;
    __gg__sleep;
    __gg__sort_table;
    __gg__sort_workfile;
    __gg__sqrt;
    __ggsr__debug_contents;
    __ggsr__debug_item;
    __ggsr__debug_line;
    __ggsr__debug_name;
    __ggsr__debug_sub_1;
    __ggsr__debug_sub_2;
    __ggsr__debug_sub_3;
    __ggsr___file_status;
    __ggsr__high_values;
    __ggsr___literally_zero;
    __ggsr__low_values;
    __ggsr__nulls;
    __ggsr__quotes;
    __ggsr__spaces;
    __ggsr__upsi_0;
    __ggsr__zeros;
    __gg__standard_deviation;
    __gg__stash_argc_argv;
    __gg__string;
    __gg__string_to_alpha_edited;
    __gg__substitute;
    __gg__sum;
    __gg__tan;
    __gg__test_date_yyyymmdd;
    __gg__test_day_yyyyddd;
    __gg__test_formatted_datetime;
    __gg__test_numval;
    __gg__test_numval_c;
    __gg__test_numval_f;
    __gg__to_be_canceled;
    __gg__trim_1;
    __gg__trim_a;
    __gg__unique_prog_id;
    __gg__unstring;
    __gg__upper_case;
    __gg__variables_to_init;
    __gg__variance;
    __gg__when_compiled;
    __gg__xml_parse;
    __gg__year_to_yyyy;

    __compat_file_status_word;

    posix_clock_gettime;
    posix_errno;
    posix_fstat;
    posix_localtime;
    posix_lseek;
    posix_open;
    posix_stat;

  local:
    *;
  };
